
Allocating common symbols
Common symbol       size              file

PressureSensorDriver_id
                    0x1               main.o
MainAlg_state       0x4               MainAlg.o
PressureSensorDriver_state
                    0x4               PressureSensorDriver.o
AlarmMonitor_state  0x4               AlarmMonitor.o
MainAlg_state_id    0x1               main.o
AlarmActuatorDriver_state
                    0x4               AlarmActuatorDriver.o
AlarmMonitor_state_id
                    0x1               AlarmMonitor.o
AlarmActuatorDriver_state_id
                    0x1               AlarmActuatorDriver.o

Memory Configuration

Name             Origin             Length             Attributes
flash            0x08000000         0x00020000         xr
sram             0x20000000         0x00007800         xrw
*default*        0x00000000         0xffffffff

Linker script and memory map


.text           0x08000000      0x424
 *(.vectors*)
 .vectors       0x08000000       0x10 startup.o
                0x08000000                g_p_fn_Vectors
 *(.text*)
 .text          0x08000010       0xcc AlarmActuatorDriver.o
                0x08000010                AlarmActuatorDriver_init
                0x0800001c                StartAlarm
                0x08000040                StopAlarm
                0x08000064                ST_AlarmActuatorDriver_waiting
                0x0800007c                ST_AlarmActuatorDriver_AlarmOn
                0x080000ac                ST_AlarmActuatorDriver_AlarmOff
 .text          0x080000dc       0x74 AlarmMonitor.o
                0x080000dc                HighPressure_detected
                0x080000f8                ST_AlarmMonitor_alarmOff
                0x08000110                ST_AlarmMonitor_alarmOn
 .text          0x08000150      0x10c driver.o
                0x08000150                Delay
                0x08000174                getPressureVal
                0x0800018c                Set_Alarm_actuator
                0x080001dc                GPIO_INITIALIZATION
 .text          0x0800025c       0x74 main.o
                0x0800025c                setup
                0x080002a0                main
 .text          0x080002d0       0x50 MainAlg.o
                0x080002d0                set_pressure_val
                0x080002f0                ST_MainAlg_high_pressure_delection
 .text          0x08000320       0x48 PressureSensorDriver.o
                0x08000320                PressureSensorDriver_init
                0x0800032c                ST_PressureSensorDriver_reading
 .text          0x08000368       0xbc startup.o
                0x08000368                MM_Fault_Handler
                0x08000368                Bus_Handler
                0x08000368                Default_Handler
                0x08000368                H_fault_Handler
                0x08000368                Usage_Fault_Handler
                0x08000368                NMI_Handler
                0x08000374                Reset_Handler
 *(.rodata)
                0x08000424                _E_text = .

.glue_7         0x08000424        0x0
 .glue_7        0x00000000        0x0 linker stubs

.glue_7t        0x08000424        0x0
 .glue_7t       0x00000000        0x0 linker stubs

.vfp11_veneer   0x08000424        0x0
 .vfp11_veneer  0x00000000        0x0 linker stubs

.v4_bx          0x08000424        0x0
 .v4_bx         0x00000000        0x0 linker stubs

.iplt           0x08000424        0x0
 .iplt          0x00000000        0x0 AlarmActuatorDriver.o

.rel.dyn        0x08000424        0x0
 .rel.iplt      0x00000000        0x0 AlarmActuatorDriver.o

.data           0x20000000        0x8 load address 0x08000424
                0x20000000                _S_DATA = .
 *(.data)
 .data          0x20000000        0x0 AlarmActuatorDriver.o
 .data          0x20000000        0x4 AlarmMonitor.o
 .data          0x20000004        0x0 driver.o
 .data          0x20000004        0x0 main.o
 .data          0x20000004        0x4 MainAlg.o
 .data          0x20000008        0x0 PressureSensorDriver.o
 .data          0x20000008        0x0 startup.o
                0x20000008                . = ALIGN (0x4)
                0x20000008                _E_DATA = .

.igot.plt       0x20000008        0x0 load address 0x0800042c
 .igot.plt      0x00000000        0x0 AlarmActuatorDriver.o

.bss            0x20000008      0x420 load address 0x0800042c
                0x20000008                _S_bss = .
 *(.bss*)
 .bss           0x20000008        0x0 AlarmActuatorDriver.o
 .bss           0x20000008        0x0 AlarmMonitor.o
 .bss           0x20000008        0x0 driver.o
 .bss           0x20000008        0x0 main.o
 .bss           0x20000008        0x4 MainAlg.o
 .bss           0x2000000c        0x4 PressureSensorDriver.o
 .bss           0x20000010      0x400 startup.o
                0x20000410                . = ALIGN (0x4)
                0x20000410                _E_bss = .
 COMMON         0x20000410        0x5 AlarmActuatorDriver.o
                0x20000410                AlarmActuatorDriver_state
                0x20000414                AlarmActuatorDriver_state_id
 *fill*         0x20000415        0x3 
 COMMON         0x20000418        0x5 AlarmMonitor.o
                0x20000418                AlarmMonitor_state
                0x2000041c                AlarmMonitor_state_id
 COMMON         0x2000041d        0x2 main.o
                0x2000041d                PressureSensorDriver_id
                0x2000041e                MainAlg_state_id
 *fill*         0x2000041f        0x1 
 COMMON         0x20000420        0x4 MainAlg.o
                0x20000420                MainAlg_state
 COMMON         0x20000424        0x4 PressureSensorDriver.o
                0x20000424                PressureSensorDriver_state
LOAD AlarmActuatorDriver.o
LOAD AlarmMonitor.o
LOAD driver.o
LOAD main.o
LOAD MainAlg.o
LOAD PressureSensorDriver.o
LOAD startup.o
OUTPUT(PressureDetectionSystem.elf elf32-littlearm)

.debug_info     0x00000000      0x87f
 .debug_info    0x00000000      0x144 AlarmActuatorDriver.o
 .debug_info    0x00000144      0x110 AlarmMonitor.o
 .debug_info    0x00000254      0x103 driver.o
 .debug_info    0x00000357      0x172 main.o
 .debug_info    0x000004c9      0x11a MainAlg.o
 .debug_info    0x000005e3       0xf5 PressureSensorDriver.o
 .debug_info    0x000006d8      0x1a7 startup.o

.debug_abbrev   0x00000000      0x490
 .debug_abbrev  0x00000000       0x92 AlarmActuatorDriver.o
 .debug_abbrev  0x00000092       0xa1 AlarmMonitor.o
 .debug_abbrev  0x00000133       0x9d driver.o
 .debug_abbrev  0x000001d0       0xa5 main.o
 .debug_abbrev  0x00000275       0xb4 MainAlg.o
 .debug_abbrev  0x00000329       0x8b PressureSensorDriver.o
 .debug_abbrev  0x000003b4       0xdc startup.o

.debug_loc      0x00000000      0x3cc
 .debug_loc     0x00000000      0x108 AlarmActuatorDriver.o
 .debug_loc     0x00000108       0x84 AlarmMonitor.o
 .debug_loc     0x0000018c       0xc8 driver.o
 .debug_loc     0x00000254       0x58 main.o
 .debug_loc     0x000002ac       0x64 MainAlg.o
 .debug_loc     0x00000310       0x58 PressureSensorDriver.o
 .debug_loc     0x00000368       0x64 startup.o

.debug_aranges  0x00000000       0xe0
 .debug_aranges
                0x00000000       0x20 AlarmActuatorDriver.o
 .debug_aranges
                0x00000020       0x20 AlarmMonitor.o
 .debug_aranges
                0x00000040       0x20 driver.o
 .debug_aranges
                0x00000060       0x20 main.o
 .debug_aranges
                0x00000080       0x20 MainAlg.o
 .debug_aranges
                0x000000a0       0x20 PressureSensorDriver.o
 .debug_aranges
                0x000000c0       0x20 startup.o

.debug_line     0x00000000      0x32d
 .debug_line    0x00000000       0x75 AlarmActuatorDriver.o
 .debug_line    0x00000075       0x5d AlarmMonitor.o
 .debug_line    0x000000d2       0x99 driver.o
 .debug_line    0x0000016b       0xa4 main.o
 .debug_line    0x0000020f       0x4d MainAlg.o
 .debug_line    0x0000025c       0x68 PressureSensorDriver.o
 .debug_line    0x000002c4       0x69 startup.o

.debug_str      0x00000000      0x42f
 .debug_str     0x00000000      0x194 AlarmActuatorDriver.o
                                0x222 (size before relaxing)
 .debug_str     0x00000194       0x94 AlarmMonitor.o
                                0x1b3 (size before relaxing)
 .debug_str     0x00000228       0x55 driver.o
                                0x149 (size before relaxing)
 .debug_str     0x0000027d       0x64 main.o
                                0x25b (size before relaxing)
 .debug_str     0x000002e1       0x5d MainAlg.o
                                0x195 (size before relaxing)
 .debug_str     0x0000033e       0x6b PressureSensorDriver.o
                                0x1af (size before relaxing)
 .debug_str     0x000003a9       0x86 startup.o
                                0x175 (size before relaxing)

.comment        0x00000000       0x11
 .comment       0x00000000       0x11 AlarmActuatorDriver.o
                                 0x12 (size before relaxing)
 .comment       0x00000000       0x12 AlarmMonitor.o
 .comment       0x00000000       0x12 driver.o
 .comment       0x00000000       0x12 main.o
 .comment       0x00000000       0x12 MainAlg.o
 .comment       0x00000000       0x12 PressureSensorDriver.o
 .comment       0x00000000       0x12 startup.o

.ARM.attributes
                0x00000000       0x33
 .ARM.attributes
                0x00000000       0x33 AlarmActuatorDriver.o
 .ARM.attributes
                0x00000033       0x33 AlarmMonitor.o
 .ARM.attributes
                0x00000066       0x33 driver.o
 .ARM.attributes
                0x00000099       0x33 main.o
 .ARM.attributes
                0x000000cc       0x33 MainAlg.o
 .ARM.attributes
                0x000000ff       0x33 PressureSensorDriver.o
 .ARM.attributes
                0x00000132       0x33 startup.o

.debug_frame    0x00000000      0x2b0
 .debug_frame   0x00000000       0xb4 AlarmActuatorDriver.o
 .debug_frame   0x000000b4       0x60 AlarmMonitor.o
 .debug_frame   0x00000114       0x78 driver.o
 .debug_frame   0x0000018c       0x48 main.o
 .debug_frame   0x000001d4       0x48 MainAlg.o
 .debug_frame   0x0000021c       0x48 PressureSensorDriver.o
 .debug_frame   0x00000264       0x4c startup.o
