
Allocating common symbols
Common symbol       size              file

bss_var             0x3               main.o

Memory Configuration

Name             Origin             Length             Attributes
flash            0x08000000         0x00020000         xr
sram             0x20000000         0x00005000         xrw
*default*        0x00000000         0xffffffff

Linker script and memory map


.text           0x08000000      0x1dc
 *(.vectors*)
 .vectors       0x08000000       0x1c startup.o
                0x08000000                vectors
 .vectors       0x0800001c       0x50 startup_orgen.o
 *(.text*)
 .text          0x0800006c       0xa8 main.o
                0x0800006c                main
 .text          0x08000114       0xbc startup.o
                0x08000114                MM_Fault_Handler
                0x08000114                Usage_Fault_Handler
                0x08000114                Bus_Fault
                0x08000114                Default_Handler
                0x08000114                H_fault_Handler
                0x08000114                NMI_Handler
                0x08000120                Reset_Handler
 .text          0x080001d0        0x8 startup_orgen.o
 *(.rodata)
 .rodata        0x080001d8        0x4 main.o
                0x080001d8                const_variables
                0x080001dc                _E_text = .

.glue_7         0x080001dc        0x0
 .glue_7        0x00000000        0x0 linker stubs

.glue_7t        0x080001dc        0x0
 .glue_7t       0x00000000        0x0 linker stubs

.vfp11_veneer   0x080001dc        0x0
 .vfp11_veneer  0x00000000        0x0 linker stubs

.v4_bx          0x080001dc        0x0
 .v4_bx         0x00000000        0x0 linker stubs

.iplt           0x080001dc        0x0
 .iplt          0x00000000        0x0 main.o

.rel.dyn        0x080001dc        0x0
 .rel.iplt      0x00000000        0x0 main.o

.data           0x20000000        0x8 load address 0x080001dc
                0x20000000                _S_DATA = .
 *(.data)
 .data          0x20000000        0x8 main.o
                0x20000000                R_ODR
                0x20000004                g_variables
 .data          0x20000008        0x0 startup.o
 .data          0x20000008        0x0 startup_orgen.o
                0x20000008                . = ALIGN (0x4)
                0x20000008                _E_DATA = .

.igot.plt       0x20000008        0x0 load address 0x080001e4
 .igot.plt      0x00000000        0x0 main.o

.bss            0x20000008     0x1003 load address 0x080001e4
                0x20000008                _S_bss = .
 *(.bss*)
 .bss           0x20000008        0x0 main.o
 .bss           0x20000008        0x0 startup.o
 .bss           0x20000008        0x0 startup_orgen.o
                0x20000008                . = ALIGN (0x4)
                0x20000008                _E_bss = .
                0x20000008                . = ALIGN (0x4)
                0x20001008                . = (. + 0x1000)
 *fill*         0x20000008     0x1000 
                0x20001008                _stack_top = .
 COMMON         0x20001008        0x3 main.o
                0x20001008                bss_var
LOAD main.o
LOAD startup.o
LOAD startup_orgen.o
OUTPUT(learn_in_depth_cortex_m3.elf elf32-littlearm)

.debug_info     0x00000000      0x3b7
 .debug_info    0x00000000      0x19f main.o
 .debug_info    0x0000019f      0x18c startup.o
 .debug_info    0x0000032b       0x8c startup_orgen.o

.debug_abbrev   0x00000000      0x1e3
 .debug_abbrev  0x00000000       0xf9 main.o
 .debug_abbrev  0x000000f9       0xd6 startup.o
 .debug_abbrev  0x000001cf       0x14 startup_orgen.o

.debug_loc      0x00000000       0x9c
 .debug_loc     0x00000000       0x38 main.o
 .debug_loc     0x00000038       0x64 startup.o

.debug_aranges  0x00000000       0x60
 .debug_aranges
                0x00000000       0x20 main.o
 .debug_aranges
                0x00000020       0x20 startup.o
 .debug_aranges
                0x00000040       0x20 startup_orgen.o

.debug_line     0x00000000      0x18a
 .debug_line    0x00000000       0x9b main.o
 .debug_line    0x0000009b       0xae startup.o
 .debug_line    0x00000149       0x41 startup_orgen.o

.debug_str      0x00000000      0x19a
 .debug_str     0x00000000      0x11a main.o
                                0x157 (size before relaxing)
 .debug_str     0x0000011a       0x80 startup.o
                                0x176 (size before relaxing)

.comment        0x00000000       0x11
 .comment       0x00000000       0x11 main.o
                                 0x12 (size before relaxing)
 .comment       0x00000000       0x12 startup.o

.ARM.attributes
                0x00000000       0x31
 .ARM.attributes
                0x00000000       0x33 main.o
 .ARM.attributes
                0x00000033       0x33 startup.o
 .ARM.attributes
                0x00000066       0x21 startup_orgen.o

.debug_frame    0x00000000       0x78
 .debug_frame   0x00000000       0x2c main.o
 .debug_frame   0x0000002c       0x4c startup.o
