18:02:15 **** Build of configuration Debug for project Lab2_2 ****
make -j8 all 
arm-none-eabi-gcc -mcpu=cortex-m3 -g3 -c -x assembler-with-cpp -MMD -MP -MF"Startup/startup_stm32f103c6tx.d" -MT"Startup/startup_stm32f103c6tx.o" --specs=nano.specs -mfloat-abi=soft -mthumb -o "Startup/startup_stm32f103c6tx.o" "../Startup/startup_stm32f103c6tx.s"
arm-none-eabi-gcc "../Src/main.c" -mcpu=cortex-m3 -std=gnu11 -g3 -DSTM32 -DSTM32F1 -DSTM32F103C6Tx -DDEBUG -c -I../Inc -O0 -ffunction-sections -fdata-sections -Wall -fstack-usage -MMD -MP -MF"Src/main.d" -MT"Src/main.o" --specs=nano.specs -mfloat-abi=soft -mthumb -o "Src/main.o"
arm-none-eabi-gcc "../Src/syscalls.c" -mcpu=cortex-m3 -std=gnu11 -g3 -DSTM32 -DSTM32F1 -DSTM32F103C6Tx -DDEBUG -c -I../Inc -O0 -ffunction-sections -fdata-sections -Wall -fstack-usage -MMD -MP -MF"Src/syscalls.d" -MT"Src/syscalls.o" --specs=nano.specs -mfloat-abi=soft -mthumb -o "Src/syscalls.o"
arm-none-eabi-gcc "../Src/sysmem.c" -mcpu=cortex-m3 -std=gnu11 -g3 -DSTM32 -DSTM32F1 -DSTM32F103C6Tx -DDEBUG -c -I../Inc -O0 -ffunction-sections -fdata-sections -Wall -fstack-usage -MMD -MP -MF"Src/sysmem.d" -MT"Src/sysmem.o" --specs=nano.specs -mfloat-abi=soft -mthumb -o "Src/sysmem.o"
arm-none-eabi-gcc -o "Lab2_2.elf" @"objects.list"   -mcpu=cortex-m3 -T"E:\Embedded System\Basic\Embedded_System_Online_Diploma\Unit6 - MCU_Fundamentals\Lesson3_MCU_Clocks\Lab2_2\STM32F103C6TX_FLASH.ld" --specs=nosys.specs -Wl,-Map="Lab2_2.map" -Wl,--gc-sections -static --specs=nano.specs -mfloat-abi=soft -mthumb -Wl,--start-group -lc -lm -Wl,--end-group
Finished building target: Lab2_2.elf
 
arm-none-eabi-size   Lab2_2.elf 
arm-none-eabi-objdump -h -S  Lab2_2.elf  > "Lab2_2.list"
   text	   data	    bss	    dec	    hex	filename
    720	      8	   1568	   2296	    8f8	Lab2_2.elf
arm-none-eabi-objcopy  -O binary  Lab2_2.elf  "Lab2_2.bin"
Finished building: default.size.stdout
 
Finished building: Lab2_2.list
 
Finished building: Lab2_2.bin
 

18:02:23 Build Finished. 0 errors, 0 warnings. (took 8s.523ms)

