stm32_F103C6_USART_driver.c:39:6:MCAL_UART_Init	24	static
stm32_F103C6_USART_driver.c:123:6:MCAL_UART_DeInit	16	static
stm32_F103C6_USART_driver.c:166:6:MCAL_UART_SendData	24	static
stm32_F103C6_USART_driver.c:191:6:MCAL_UART_ReceiveData	24	static
stm32_F103C6_USART_driver.c:229:6:MCAL_UART_WAIT_TC	16	static
stm32_F103C6_USART_driver.c:243:6:MCAL_UART_GPIO_Set_Pins	24	static
stm32_F103C6_USART_driver.c:361:6:USART1_IRQHandler	8	static
stm32_F103C6_USART_driver.c:366:6:USART2_IRQHandler	8	static
stm32_F103C6_USART_driver.c:371:6:USART3_IRQHandler	8	static
