21:38:10 **** Incremental Build of configuration Debug for project Lesson4_MCU_Interrupt ****
make -j8 all 
arm-none-eabi-gcc -gdwarf-2 "../Src/main.c" -mcpu=cortex-m3 -std=gnu11 -g3 -DSTM32 -DSTM32F1 -DSTM32F103C6Tx -DDEBUG -c -I../Inc -O0 -ffunction-sections -fdata-sections -Wall -fstack-usage -MMD -MP -MF"Src/main.d" -MT"Src/main.o" --specs=nano.specs -mfloat-abi=soft -mthumb -o "Src/main.o"
arm-none-eabi-gcc -gdwarf-2 -o "Lesson4_MCU_Interrupt.elf" @"objects.list"   -mcpu=cortex-m3 -T"E:\Embedded System\Basic\Embedded_System_Online_Diploma\Unit6 - MCU_Fundamentals\Lesson4_MCU_Interrupt\STM32F103C6TX_FLASH.ld" --specs=nosys.specs -Wl,-Map="Lesson4_MCU_Interrupt.map" -Wl,--gc-sections -static --specs=nano.specs -mfloat-abi=soft -mthumb -Wl,--start-group -lc -lm -Wl,--end-group
Finished building target: Lesson4_MCU_Interrupt.elf
 
arm-none-eabi-objdump -h -S  Lesson4_MCU_Interrupt.elf  > "Lesson4_MCU_Interrupt.list"
arm-none-eabi-objcopy  -O binary  Lesson4_MCU_Interrupt.elf  "Lesson4_MCU_Interrupt.bin"
arm-none-eabi-size   Lesson4_MCU_Interrupt.elf 
   text	   data	    bss	    dec	    hex	filename
    760	      8	   1568	   2336	    920	Lesson4_MCU_Interrupt.elf
Finished building: default.size.stdout
Finished building: Lesson4_MCU_Interrupt.bin
Finished building: Lesson4_MCU_Interrupt.list
 
 
 

21:38:12 Build Finished. 0 errors, 0 warnings. (took 2s.125ms)

